[backblue.gif]
[fade.gif]
[index.html]
[www.tourdaum.com/Resources/Images/favicon.ico]
[www.tourdaum.com/Resources/js/jquery.min.js]
[www.tourdaum.com/Resources/js/jquery.bxslider.min.js]
[www.tourdaum.com/Resources/js/common.js]
[www.tourdaum.com/Scripts/common.js]
[t1.daumcdn.net/adfit/static/kp.js]
[www.tourdaum.com/Resources/images/logo.png]
[www.tourdaum.com/Resources/images/bnr_nav.png]
[www.tourdaum.com/upload/banner/main/pc_banner_9.jpg]
[www.tourdaum.com/upload/banner/main/pc_banner_10.jpg]
[www.tourdaum.com/upload/banner/main/pc_banner2_1.jpg]
[www.tourdaum.com/upload/banner/main/롤링배너_울릉도.jpg]
[www.tourdaum.com/upload/banner/main/pc_banner_11.jpg]
[www.tourdaum.com/upload/banner/main/pc_banner_12.jpg]
[www.tourdaum.com/upload/banner/main/pc_banner_13.jpg]
[www.tourdaum.com/upload/banner/main/20210720-여행다움_후기이벤트_web_롤링_수정.jpg]
[www.tourdaum.com/upload/product/thu_sc11.jpg]
[www.tourdaum.com/upload/product/thu_ij01.jpg]
[www.tourdaum.com/upload/product/thu_sc01_38.jpg]
[www.tourdaum.com/upload/product/thu_sc02_31.jpg]
[www.tourdaum.com/upload/product/thu_sc02_33.jpg]
[www.tourdaum.com/upload/product/thu_sc05_22.jpg]
[www.tourdaum.com/upload/product/유채꽃.jpg]
[www.tourdaum.com/upload/product/여행다움_썸네일01_1.jpg]
[www.tourdaum.com/upload/product/여행다움_썸네일08_1.jpg]
[www.tourdaum.com/upload/product/성산일출봉.jpg]
[www.tourdaum.com/upload/banner/main/하단롤링_01_2.jpg]
[www.tourdaum.com/upload/banner/main/하단롤링_03_2.jpg]
[www.tourdaum.com/upload/banner/main/하단롤링_02_2.jpg]
[www.tourdaum.com/upload/banner/main/고정이미지_5.jpg]
[www.tourdaum.com/Resources/images/footer_bnr.png]
[fin.rainbownine.net/js/adn_tags_2.1.3.js]
[fin.rainbownine.net/js/across_adn_closed_pc_ad_1.0.4.js]
[www.tourdaum.com/index.html]
[cdn-aitg.widerplanet.com/js/wp_astg_4.0.js]
[wcs.naver.net/wcslog.js]
[www.tourdaum.com/Resources/css/style.css]
[www.tourdaum.com/Resources/images/btn_visual_prev.png]
[www.tourdaum.com/Resources/images/btn_visual_next.png]
[www.tourdaum.com/Resources/css/bxslider.css]
[cdn.megadata.co.kr/dist/prod/enp_tracker_self_hosted.min.js]
[www.tourdaum.com/upload/product/가평_thu_sc03_1.jpg]
[www.tourdaum.com/upload/product/thu_sc02_6.jpg]
[www.tourdaum.com/upload/product/thu_sc01_27.jpg]
[www.tourdaum.com/Product/ProductList3a99.html]
[www.tourdaum.com/upload/product/thu_sc01_42.jpg]
[www.tourdaum.com/upload/product/thu_scnh01.jpg]
[www.tourdaum.com/Product/ProductList9e6b.html]
[www.tourdaum.com/Resources/js/jquery.rwdImageMaps.js]
[www.tourdaum.com/upload/planProduct/td_thum.jpg]
[www.tourdaum.com/upload/planProduct/20220304_101624.jpg]
[www.tourdaum.com/upload/planProduct/380_276_3.jpg]
[www.tourdaum.com/upload/planProduct/380_276_2.jpg]
[www.tourdaum.com/upload/planProduct/380_276.jpg]
[www.tourdaum.com/upload/planProduct/유네스코썸네일.jpg]
[www.tourdaum.com/Product/PlanProductList.html]
[www.tourdaum.com/upload/product/thu_sc01_12_2.jpg]
[www.tourdaum.com/Product/ProductLocationList.html]
[www.tourdaum.com/Customer/NoticeList.html]
[developers.kakao.com/sdk/js/kakao.min.js]
[www.tourdaum.com/upload/product/thu_sc02_34.jpg]
[www.tourdaum.com/upload/product/thu_sc01_41.jpg]
[www.tourdaum.com/upload/product/thu_sc05_28.jpg]
[www.tourdaum.com/upload/product/thu_sc03_31.jpg]
[www.tourdaum.com/upload/product/thu_sc04_32.jpg]
[www.tourdaum.com/upload/product/부여연꽃여행.jpg]
[www.tourdaum.com/Product/ProductSelect7146.html]
[www.tourdaum.com/upload/banner/main/pc_banner_10.jpg]
[www.tourdaum.com/upload/product/thu_sc11_1.jpg]
[www.tourdaum.com/upload/product/img02.jpg]
[www.tourdaum.com/upload/product/thu_sc03_29.jpg]
[www.tourdaum.com/upload/product/img08.jpg]
[www.tourdaum.com/upload/product/thu_sc06_12.jpg]
[www.tourdaum.com/upload/product/index_12.jpg]
[www.tourdaum.com/Product/ProductSelect5f32.html]
[www.tourdaum.com/upload/product/thu_sc02_32.jpg]
[www.tourdaum.com/upload/product/thu_sc01_40.jpg]
[www.tourdaum.com/upload/product/thu_sc03_30.jpg]
[www.tourdaum.com/upload/product/thu_sc04_31.jpg]
[www.tourdaum.com/upload/product/thu_sc05_27.jpg]
[www.tourdaum.com/upload/product/보령머드여행.jpg]
[www.tourdaum.com/upload/product/죽전간이정류장.jpg]
[www.tourdaum.com/Product/ProductSelect4f1a.html]
[www.tourdaum.com/upload/product/여행다움_썸네일07_1.jpg]
[www.tourdaum.com/upload/product/여행다움_썸네일06.jpg]
[www.tourdaum.com/upload/product/여행다움_썸네일04_1.jpg]
[www.tourdaum.com/upload/product/여행다움_썸네일03_1.jpg]
[www.tourdaum.com/upload/product/여행다움_썸네일02_1.jpg]
[www.tourdaum.com/upload/product/여행다움_썸네일01_2.jpg]
[www.tourdaum.com/upload/product/daum_main_로고삭제_2.jpg]
[www.tourdaum.com/upload/product/daum_4day_1.jpg]
[www.tourdaum.com/upload/product/지도_1.png]
[www.tourdaum.com/Product/ProductSelect7c6f.html]
[www.tourdaum.com/upload/banner/main/pc_banner_11.jpg]
[www.tourdaum.com/upload/product/thu_sc01_39.jpg]
[www.tourdaum.com/upload/product/thu_mj03_3.jpg]
[www.tourdaum.com/upload/product/thu_mj01_3.jpg]
[www.tourdaum.com/upload/product/thu_mj05_2.jpg]
[www.tourdaum.com/upload/product/thu_mj06_3.jpg]
[www.tourdaum.com/upload/product/20220517summer_무주01.jpg]
[www.tourdaum.com/upload/product/20220517summer_무주02.jpg]
[www.tourdaum.com/Product/ProductSelect784a.html]
[www.tourdaum.com/upload/banner/main/pc_banner_12.jpg]
[www.tourdaum.com/upload/product/thu_sc01_36.jpg]
[www.tourdaum.com/upload/product/thu_sc02_30.jpg]
[www.tourdaum.com/upload/product/thu_sc03_28.jpg]
[www.tourdaum.com/upload/product/thu_sc05_26.jpg]
[www.tourdaum.com/upload/product/img01.jpg]
[www.tourdaum.com/upload/product/index_11.jpg]
[www.tourdaum.com/Product/ProductSelect01e4.html]
[www.tourdaum.com/upload/product/thu_sc04_29.jpg]
[www.tourdaum.com/upload/product/thu_sc06_11.jpg]
[www.tourdaum.com/upload/product/thu_sc04_28.jpg]
[www.tourdaum.com/upload/product/thu_sc01_20.jpg]
[www.tourdaum.com/upload/product/thu_sc02_19.jpg]
[www.tourdaum.com/upload/product/thu_sc05_25.jpg]
[www.tourdaum.com/upload/product/index_9.jpg]
[www.tourdaum.com/Product/ProductSelectec30.html]
[www.tourdaum.com/upload/bbs/0001/20210720_여행다움_여행후기이벤트_수정.jpg]
[www.tourdaum.com/Customer/NoticeViewc717.html]
[www.tourdaum.com/upload/bbs/0001/20200713_브랜드스토리-상세_1.jpg]
[www.tourdaum.com/Customer/NoticeViewb1ec.html]
[www.tourdaum.com/Resources/images/img_review_banner.png]
[www.tourdaum.com/Resources/images/img_review.png]
[www.tourdaum.com/upload/review/371827598.jpg]
[www.tourdaum.com/upload/review/653279126.jpg]
[www.tourdaum.com/upload/review/837975871.jpg]
[www.tourdaum.com/upload/review/330294374.jpg]
[www.tourdaum.com/upload/review/755562550.jpg]
[www.tourdaum.com/Customer/ReViewList.html]
[www.tourdaum.com/upload/product/thu_ij01_1.jpg]
[www.tourdaum.com/upload/product/thu_ij02.jpg]
[www.tourdaum.com/upload/product/thu_ij03.jpg]
[www.tourdaum.com/upload/product/thu_ij04.jpg]
[www.tourdaum.com/upload/product/thu_ij05.jpg]
[www.tourdaum.com/upload/product/20210526summer_인제01_수정.jpg]
[www.tourdaum.com/upload/product/20210526summer_인제02_수정.jpg]
[www.tourdaum.com/Product/ProductSelect4dd8.html]
[www.tourdaum.com/upload/product/thu_sc05_23.jpg]
[www.tourdaum.com/upload/product/thu_sc07_1.jpg]
[www.tourdaum.com/upload/product/thu_sc06_9.jpg]
[www.tourdaum.com/upload/product/thu_sc04_5.jpg]
[www.tourdaum.com/upload/product/img01_1.jpg]
[www.tourdaum.com/upload/product/index_5.jpg]
[www.tourdaum.com/Product/ProductSelect3bc9.html]
[www.tourdaum.com/upload/product/유채꽃_1.jpg]
[www.tourdaum.com/upload/product/thujeju02.jpg]
[www.tourdaum.com/upload/product/그림카페.jpg]
[www.tourdaum.com/upload/product/오설록.jpg]
[www.tourdaum.com/upload/product/스텐다드트윈.jpg]
[www.tourdaum.com/upload/product/외관.jpg]
[www.tourdaum.com/upload/product/기획전국내211210여행다움겨울제주매력퐁당힐링제주기획상품01_3.jpg]
[www.tourdaum.com/upload/product/매력퐁당기획전.jpg]
[www.tourdaum.com/Product/ProductSelect383b.html]
[www.tourdaum.com/upload/product/여행다움_썸네일01_4.jpg]
[www.tourdaum.com/upload/product/여행다움_썸네일03.jpg]
[www.tourdaum.com/upload/product/여행다움_썸네일04.jpg]
[www.tourdaum.com/upload/product/여행다움_썸네일05.jpg]
[www.tourdaum.com/upload/product/여행다움_썸네일07.jpg]
[www.tourdaum.com/upload/product/여행다움_썸네일08.jpg]
[www.tourdaum.com/upload/product/daum_main_로고삭제.jpg]
[www.tourdaum.com/upload/product/daum_3day_1.jpg]
[www.tourdaum.com/upload/product/지도.png]
[www.tourdaum.com/Product/ProductSelect8366.html]
[www.tourdaum.com/upload/product/성산일출봉_1.jpg]
[www.tourdaum.com/upload/product/용두암.jpg]
[www.tourdaum.com/upload/product/만장굴.jpg]
[www.tourdaum.com/upload/product/thu_jeju03.jpg]
[www.tourdaum.com/upload/product/2021_winter_제주도_4_1.jpg]
[www.tourdaum.com/upload/product/220110_jeju_UNESCO_04-2_1.jpg]
[www.tourdaum.com/upload/product/220110_jeju_UNESCO_04-3_1.jpg]
[www.tourdaum.com/upload/product/220110_jeju_UNESCO_05-01_1.jpg]
[www.tourdaum.com/Product/ProductSelect16e3.html]
[www.tourdaum.com/upload/product/thu_sc01_12_1.jpg]
[www.tourdaum.com/upload/product/thu_sc03_9_2.jpg]
[www.tourdaum.com/upload/product/thu_sc05_6_1.jpg]
[www.tourdaum.com/upload/product/thu-po03_1.jpg]
[www.tourdaum.com/upload/product/포천_index.jpg]
[www.tourdaum.com/Product/ProductSelectcc21.html]
[www.tourdaum.com/Customer/FaqList.html]
[dapi.kakao.com/v2/maps/sdkf45e.json]
[www.tourdaum.com/Resources/images/company_intro_220609.jpg]
[www.tourdaum.com/Home/Company.html]
[www.tourdaum.com/Etc/Privacy.html]
[www.tourdaum.com/Etc/Policy.html]
[www.googletagmanager.com/gtm5445.html]
[www.tourdaum.com/Resources/css/reset.css]
[www.tourdaum.com/Resources/images/check_radio_sheet.png]
[www.tourdaum.com/Resources/images/btn_search.png]
[www.tourdaum.com/Resources/images/selectArrow.png]
[www.tourdaum.com/Resources/images/ico_grade.png]
[www.tourdaum.com/Resources/images/btn_top.png]
[www.tourdaum.com/Resources/images/btn_close.png]
[www.tourdaum.com/Resources/images/ico_mainBnr.png]
[www.tourdaum.com/Resources/images/main_bg_btm.png]
[www.tourdaum.com/Resources/images/ico_map.png]
[www.tourdaum.com/Resources/images/bg_bus.png]
[www.tourdaum.com/Resources/images/ico_katalk.png]
[www.tourdaum.com/Resources/images/ico_link.png]
[www.tourdaum.com/Resources/images/btn_cal.png]
[www.tourdaum.com/Resources/images/ico_pay.png]
[www.tourdaum.com/Resources/images/arw_upDown2.png]
[www.tourdaum.com/Resources/images/bg_zone.png]
[www.tourdaum.com/Resources/images/bg_zone1.png]
[www.tourdaum.com/Resources/images/bg_zone2.png]
[www.tourdaum.com/Resources/images/bg_zone3.png]
[www.tourdaum.com/Resources/images/bg_zone4.png]
[www.tourdaum.com/Resources/images/bg_zone5.png]
[www.tourdaum.com/Resources/images/bg_zone6.png]
[www.tourdaum.com/Resources/images/bg_zone7.png]
[www.tourdaum.com/Resources/images/bg_zone8.png]
[www.tourdaum.com/Resources/images/bg_zone9.png]
[www.tourdaum.com/Resources/images/bg_zone10.png]
[www.tourdaum.com/Resources/images/bg_step.png]
[www.tourdaum.com/Resources/images/img_certify1.png]
[www.tourdaum.com/Resources/images/ico_check.png]
[www.tourdaum.com/Resources/images/qna.png]
[www.tourdaum.com/Resources/images/bg_coupon.png]
[www.tourdaum.com/Resources/images/bg_coupon_end.png]
[www.tourdaum.com/Resources/images/ico_grade_w.png]
[www.tourdaum.com/Resources/images/stamp_w.png]
[www.tourdaum.com/Resources/images/stamp_mission_w.png]
[www.tourdaum.com/Resources/images/btn_search_w.png]
[www.tourdaum.com/Resources/images/btn_pg_prev.png]
[www.tourdaum.com/Resources/images/btn_pg_next.png]
[www.tourdaum.com/Resources/images/btn_pg_first.png]
[www.tourdaum.com/Resources/images/btn_pg_last.png]
[www.tourdaum.com/Resources/images/stamp_success.png]
[www.tourdaum.com/Resources/images/stamp_fail.png]
[www.tourdaum.com/Resources/images/ico_comment.png]
[www.tourdaum.com/Resources/css/layout.css]
[www.tourdaum.com/Resources/css/fonticon.css]
[www.tourdaum.com/upload/product/섬네일-가평2코스02_1.jpg]
[www.tourdaum.com/upload/product/가평_thu_sc03.jpg]
[www.tourdaum.com/upload/product/가평_thu_sc01.jpg]
[www.tourdaum.com/upload/product/가평_thu_sc02.jpg]
[www.tourdaum.com/upload/product/가평_index.jpg]
[www.tourdaum.com/Product/ProductSelectc87f.html]
[www.tourdaum.com/upload/product/thu_sc02_7.jpg]
[www.tourdaum.com/upload/product/thu_sc04_6.jpg]
[www.tourdaum.com/upload/product/thu_sc05_24.jpg]
[www.tourdaum.com/upload/product/thu_sc03_25.jpg]
[www.tourdaum.com/upload/product/thu_sc01_13.jpg]
[www.tourdaum.com/upload/product/index_6.jpg]
[www.tourdaum.com/Product/ProductSelect468a.html]
[www.tourdaum.com/Product/ProductListd13e.html]
[www.tourdaum.com/upload/product/thu_dy02_3.jpg]
[www.tourdaum.com/upload/product/thu_cj01.jpg]
[www.tourdaum.com/Product/ProductList08e3.html]
[www.tourdaum.com/upload/product/thu_sc01_43.jpg]
[www.tourdaum.com/upload/product/thu_my02.jpg]
[www.tourdaum.com/upload/product/thu_my03.jpg]
[www.tourdaum.com/upload/product/thu_my04.jpg]
[www.tourdaum.com/upload/product/thu_my05.jpg]
[www.tourdaum.com/upload/product/thu_my06.jpg]
[www.tourdaum.com/upload/product/20210524summer_밀양알프스01_4.jpg]
[www.tourdaum.com/upload/product/20210524summer_밀양알프스02_4.jpg]
[www.tourdaum.com/upload/product/20210524summer_밀양알프스03_4.jpg]
[www.tourdaum.com/upload/product/20210524summer_밀양알프스04_2.jpg]
[www.tourdaum.com/upload/product/20210524summer_밀양알프스05_4.jpg]
[www.tourdaum.com/Product/ProductSelect632c.html]
[www.tourdaum.com/upload/product/thu_scnh01_1.jpg]
[www.tourdaum.com/upload/product/thu_scnh02.jpg]
[www.tourdaum.com/upload/product/thu_scnh03.jpg]
[www.tourdaum.com/upload/product/thu_scnh04.jpg]
[www.tourdaum.com/upload/product/thu_scnh05.jpg]
[www.tourdaum.com/upload/product/thu_scnh06.jpg]
[www.tourdaum.com/upload/product/20210524summer_사천남해01.jpg]
[www.tourdaum.com/upload/product/20210524summer_사천남해02.jpg]
[www.tourdaum.com/upload/product/20210524summer_사천남해03.jpg]
[www.tourdaum.com/upload/product/20210524summer_사천남해04.jpg]
[www.tourdaum.com/upload/product/20210524summer_사천남해05.jpg]
[www.tourdaum.com/Product/ProductSelect882b.html]
[www.tourdaum.com/Product/ProductList0819.html]
[www.tourdaum.com/upload/product/thu_ys01_2.jpg]
[www.tourdaum.com/Product/ProductList8336.html]
[www.tourdaum.com/upload/planProduct/td_index_1.jpg]
[www.tourdaum.com/Product/PlanProductDetaile39b.html]
[www.tourdaum.com/upload/planProduct/롯데2차기획전_상세페이지_한눈포인트추가.jpg]
[www.tourdaum.com/Product/PlanProductDetailfcb2.html]
[www.tourdaum.com/upload/planProduct/220303_봄씨앗이벤트_기획전.jpg]
[www.tourdaum.com/Product/PlanProductDetail7388.html]
[www.tourdaum.com/upload/planProduct/여행다움기획전_2.jpg]
[www.tourdaum.com/Product/PlanProductDetail0d29.html]
[www.tourdaum.com/upload/planProduct/220126_여행다움과같이가요.gif]
[www.tourdaum.com/Product/PlanProductDetail118a.html]
[www.tourdaum.com/upload/planProduct/220110_jeju_UNESCO_01-vert_1.jpg]
[www.tourdaum.com/Product/PlanProductDetailcbfa.html]
[www.tourdaum.com/Product/PlanProductList2679.html]
[www.tourdaum.com/upload/planProduct/ev_sum.jpg]
[www.tourdaum.com/upload/planProduct/380x276.jpg]
[www.tourdaum.com/upload/planProduct/20210414_여행다움_기획전-섬네일_air.jpg]
[www.tourdaum.com/upload/planProduct/20210319_기획전-섬네일_02.jpg]
[www.tourdaum.com/upload/planProduct/380.276여행다움메인.jpg]
[www.tourdaum.com/upload/planProduct/20210817_여행다움_추석기획전_모바일_660x480.jpg]
[www.tourdaum.com/Product/PlanProductList4658.html]
[www.tourdaum.com/upload/planProduct/20210407_기획전-섬네일_04_수정.jpg]
[www.tourdaum.com/upload/planProduct/20210319_기획전-섬네일_01.jpg]
[www.tourdaum.com/upload/planProduct/20210319_기획전-섬네일_03.jpg]
[www.tourdaum.com/Product/PlanProductList9ba9.html]
[www.tourdaum.com/Product/ProductLocationListe21b.html]
[www.tourdaum.com/upload/bbs/0001/220303_봄씨앗이벤트_게시판.jpg]
[www.tourdaum.com/Customer/NoticeView64a6.html]
[www.tourdaum.com/upload/bbs/0001/220214_봄맞이이벤트_1.jpg]
[www.tourdaum.com/Customer/NoticeViewe71f.html]
[www.tourdaum.com/upload/bbs/0001/20201014_2천원할인_친구추천쿠폰_web상세.jpg]
[www.tourdaum.com/Customer/NoticeViewb487.html]
[www.tourdaum.com/upload/bbs/0001/20200713_스탬프제도소개상세_1.jpg]
[www.tourdaum.com/Customer/NoticeViewdbec.html]
[www.tourdaum.com/upload/bbs/0001/20220216매거진디자인_7호_표지_앞면만-horz-vert.jpg]
[www.tourdaum.com/Customer/NoticeViewb742.html]
[www.tourdaum.com/Customer/NoticeViewbe26.html]
[www.tourdaum.com/upload/bbs/0001/event_211224-1.jpg]
[www.tourdaum.com/Customer/NoticeView0da3.html]
[www.tourdaum.com/Customer/NoticeViewf4ac.html]
[www.tourdaum.com/Customer/NoticeView01e1.html]
[www.tourdaum.com/Customer/NoticeList8eb6.html]
[www.tourdaum.com/Customer/NoticeList7fe9.html]
[www.tourdaum.com/Customer/NoticeListb374.html]
[www.tourdaum.com/Customer/NoticeListc3c9.html]
[www.kyowon.co.kr/resources/images/err/404_bg.jpg]
[www.kyowon.co.kr/resources/images/err/404_img.png]
[www.tourdaum.com/Error/Oops404/404.html]
[www.kyowon.co.kr/resources/images/err/404_btn.png]
[www.tourdaum.com/upload/product/부여연꽃여행.jpg]
[www.tourdaum.com/upload/product/index_12.jpg]
[www.tourdaum.com/upload/product/보령머드여행.jpg]
[www.tourdaum.com/upload/product/daum_4day_1.jpg]
[www.tourdaum.com/upload/product/20220517summer_무주01.jpg]
[www.tourdaum.com/upload/product/20220517summer_무주02.jpg]
[www.tourdaum.com/upload/product/index_11.jpg]
[www.tourdaum.com/upload/product/index_9.jpg]
[www.tourdaum.com/Customer/NoticeList2679.html]
[www.tourdaum.com/upload/bbs/0001/20200713_브랜드스토리-상세_1.jpg]
[www.tourdaum.com/Product/ProductList.html]
[www.tourdaum.com/upload/review/371827598.jpg]
[www.tourdaum.com/upload/review/653279126.jpg]
[www.tourdaum.com/upload/review/837975871.jpg]
[www.tourdaum.com/upload/product/thu_dy03_2.jpg]
[www.tourdaum.com/upload/product/thu_dy01_3.jpg]
[www.tourdaum.com/upload/product/thu_dy04_2.jpg]
[www.tourdaum.com/upload/product/thu_dy05_2.jpg]
[www.tourdaum.com/upload/product/yw_1_3.jpg]
[www.tourdaum.com/upload/product/단양_초록여행_식당수정_3.jpg]
[www.tourdaum.com/upload/review/369404065.jpg]
[www.tourdaum.com/upload/review/388124426.jpg]
[www.tourdaum.com/Product/ProductSelectb123.html]
[www.tourdaum.com/upload/review/755562550.jpg]
[www.tourdaum.com/Customer/ReViewListf909.html]
[www.tourdaum.com/upload/review/985972177.jpg]
[www.tourdaum.com/upload/review/608690547.jpg]
